# Logfile created on 2026-04-06 15:52:13 +0700 by logger.rb/v1.7.0
[dotenv] Loaded [33m.env.production[0m
[dotenv] Loaded [33m.env[0m
Writing tailwind-7dd6c9ab.css
Writing application-8b441ae0.css
Writing application-bfcdf840.js
Writing controllers/timer_controller-a3bf509f.js
Writing controllers/inline_edit_controller-53a976ee.js
Writing controllers/flash_controller-1d3d45d2.js
Writing controllers/remember_project_controller-91cd7551.js
Writing controllers/jira_task_modal_controller-40075a4a.js
Writing controllers/task_loader_controller-8920cb6d.js
Writing controllers/date_presets_controller-e10e257b.js
Writing controllers/dropdown_controller-1c2975a7.js
Writing controllers/manual_entry_controller-b1031e77.js
Writing controllers/bulk_select_controller-13c28301.js
Writing controllers/filter_controller-0e4d5d04.js
Writing controllers/chart_controller-66434e4e.js
Writing controllers/index-ee64e1f1.js
Writing controllers/budget_toggle_controller-e4f28f39.js
Writing controllers/timer_mode_controller-d515e47f.js
Writing controllers/tag_selector_controller-c44d49e5.js
Writing controllers/rate_history_controller-96e203a8.js
Writing controllers/datepicker_controller-b563b07b.js
Writing controllers/keyboard_shortcuts_controller-25656f53.js
Writing controllers/currency_input_controller-252cc970.js
Writing controllers/theme_controller-457e8c85.js
Writing controllers/timesheet_controller-68cfa31a.js
Writing controllers/jira_tasks_controller-1628f101.js
Writing controllers/task_chat_controller-3df65b5a.js
Writing controllers/jira_project_select_controller-e310c7f6.js
Writing controllers/day_timer_controller-440d18ce.js
Writing controllers/application-3affb389.js
Writing controllers/combobox_controller-352f8b0e.js
Writing controllers/team_expand_controller-c42f8e2e.js
Writing controllers/jira_task_search_controller-e0236843.js
Writing controllers/auto_save_controller-36601562.js
Writing stimulus.min-4b1e420e.js
Writing stimulus-d59b3b7f.js
Writing stimulus.min-2395e199.js.map
Writing stimulus-importmap-autoloader-64cc03e1.js
Writing stimulus-autoloader-9d447422.js
Writing stimulus-loading-1fc53fe7.js
Writing turbo.min-5eb167c2.js.map
Writing turbo-736fb387.js
Writing turbo.min-9fd88cd5.js
Writing actiontext.esm-c376325e.js
Writing actiontext-c9c6c481.js
Writing trix-be60fa75.js
Writing trix-65afdb1d.css
Writing action_cable-5212cfee.js
Writing actioncable.esm-e0ec9819.js
Writing actioncable-ac25813f.js
Writing activestorage.esm-81bb34bc.js
Writing activestorage-f9e46063.js
Writing rails-ujs.esm-e925103b.js
Writing rails-ujs-20eaf715.js
[dotenv] Loaded [33m.env.production[0m
[dotenv] Loaded [33m.env[0m
Writing tailwind-1c614f05.css
[dotenv] Loaded [33m.env.production[0m
[dotenv] Loaded [33m.env[0m
Writing tailwind-1c614f05.css
Writing application-8b441ae0.css
Writing application-bfcdf840.js
Writing controllers/timer_controller-a3bf509f.js
Writing controllers/inline_edit_controller-53a976ee.js
Writing controllers/flash_controller-1d3d45d2.js
Writing controllers/remember_project_controller-91cd7551.js
Writing controllers/jira_task_modal_controller-40075a4a.js
Writing controllers/task_loader_controller-8920cb6d.js
Writing controllers/date_presets_controller-e10e257b.js
Writing controllers/dropdown_controller-1c2975a7.js
Writing controllers/manual_entry_controller-b1031e77.js
Writing controllers/bulk_select_controller-13c28301.js
Writing controllers/filter_controller-0e4d5d04.js
Writing controllers/chart_controller-66434e4e.js
Writing controllers/index-ee64e1f1.js
Writing controllers/budget_toggle_controller-e4f28f39.js
Writing controllers/timer_mode_controller-d515e47f.js
Writing controllers/tag_selector_controller-c44d49e5.js
Writing controllers/rate_history_controller-96e203a8.js
Writing controllers/datepicker_controller-b563b07b.js
Writing controllers/keyboard_shortcuts_controller-25656f53.js
Writing controllers/currency_input_controller-252cc970.js
Writing controllers/theme_controller-457e8c85.js
Writing controllers/timesheet_controller-68cfa31a.js
Writing controllers/jira_tasks_controller-1628f101.js
Writing controllers/task_chat_controller-3df65b5a.js
Writing controllers/jira_project_select_controller-e310c7f6.js
Writing controllers/day_timer_controller-440d18ce.js
Writing controllers/application-3affb389.js
Writing controllers/combobox_controller-352f8b0e.js
Writing controllers/team_expand_controller-c42f8e2e.js
Writing controllers/jira_task_search_controller-e0236843.js
Writing controllers/auto_save_controller-36601562.js
Writing stimulus.min-4b1e420e.js
Writing stimulus-d59b3b7f.js
Writing stimulus.min-2395e199.js.map
Writing stimulus-importmap-autoloader-64cc03e1.js
Writing stimulus-autoloader-9d447422.js
Writing stimulus-loading-1fc53fe7.js
Writing turbo.min-5eb167c2.js.map
Writing turbo-736fb387.js
Writing turbo.min-9fd88cd5.js
Writing actiontext.esm-c376325e.js
Writing actiontext-c9c6c481.js
Writing trix-be60fa75.js
Writing trix-65afdb1d.css
Writing action_cable-5212cfee.js
Writing actioncable.esm-e0ec9819.js
Writing actioncable-ac25813f.js
Writing activestorage.esm-81bb34bc.js
Writing activestorage-f9e46063.js
Writing rails-ujs.esm-e925103b.js
Writing rails-ujs-20eaf715.js
[dotenv] Loaded [33m.env.production[0m
[dotenv] Loaded [33m.env[0m
Writing tailwind-1c614f05.css
Writing application-8b441ae0.css
Writing application-bfcdf840.js
Writing controllers/timer_controller-a3bf509f.js
Writing controllers/inline_edit_controller-53a976ee.js
Writing controllers/flash_controller-1d3d45d2.js
Writing controllers/remember_project_controller-91cd7551.js
Writing controllers/jira_task_modal_controller-40075a4a.js
Writing controllers/task_loader_controller-8920cb6d.js
Writing controllers/date_presets_controller-e10e257b.js
Writing controllers/dropdown_controller-1c2975a7.js
Writing controllers/manual_entry_controller-b1031e77.js
Writing controllers/bulk_select_controller-13c28301.js
Writing controllers/filter_controller-0e4d5d04.js
Writing controllers/chart_controller-66434e4e.js
Writing controllers/index-ee64e1f1.js
Writing controllers/budget_toggle_controller-e4f28f39.js
Writing controllers/timer_mode_controller-d515e47f.js
Writing controllers/tag_selector_controller-c44d49e5.js
Writing controllers/rate_history_controller-96e203a8.js
Writing controllers/datepicker_controller-b563b07b.js
Writing controllers/keyboard_shortcuts_controller-25656f53.js
Writing controllers/currency_input_controller-252cc970.js
Writing controllers/theme_controller-457e8c85.js
Writing controllers/timesheet_controller-68cfa31a.js
Writing controllers/jira_tasks_controller-1628f101.js
Writing controllers/task_chat_controller-3df65b5a.js
Writing controllers/jira_project_select_controller-e310c7f6.js
Writing controllers/day_timer_controller-440d18ce.js
Writing controllers/application-3affb389.js
Writing controllers/combobox_controller-352f8b0e.js
Writing controllers/team_expand_controller-c42f8e2e.js
Writing controllers/jira_task_search_controller-e0236843.js
Writing controllers/auto_save_controller-36601562.js
Writing stimulus.min-4b1e420e.js
Writing stimulus-d59b3b7f.js
Writing stimulus.min-2395e199.js.map
Writing stimulus-importmap-autoloader-64cc03e1.js
Writing stimulus-autoloader-9d447422.js
Writing stimulus-loading-1fc53fe7.js
Writing turbo.min-5eb167c2.js.map
Writing turbo-736fb387.js
Writing turbo.min-9fd88cd5.js
Writing actiontext.esm-c376325e.js
Writing actiontext-c9c6c481.js
Writing trix-be60fa75.js
Writing trix-65afdb1d.css
Writing action_cable-5212cfee.js
Writing actioncable.esm-e0ec9819.js
Writing actioncable-ac25813f.js
Writing activestorage.esm-81bb34bc.js
Writing activestorage-f9e46063.js
Writing rails-ujs.esm-e925103b.js
Writing rails-ujs-20eaf715.js
[dotenv] Loaded [33m.env.production[0m
[dotenv] Loaded [33m.env[0m
Writing tailwind-1c614f05.css
Writing application-8b441ae0.css
Writing application-bfcdf840.js
Writing controllers/timer_controller-a3bf509f.js
Writing controllers/inline_edit_controller-53a976ee.js
Writing controllers/flash_controller-1d3d45d2.js
Writing controllers/remember_project_controller-91cd7551.js
Writing controllers/jira_task_modal_controller-40075a4a.js
Writing controllers/task_loader_controller-8920cb6d.js
Writing controllers/date_presets_controller-e10e257b.js
Writing controllers/dropdown_controller-1c2975a7.js
Writing controllers/manual_entry_controller-b1031e77.js
Writing controllers/bulk_select_controller-13c28301.js
Writing controllers/filter_controller-0e4d5d04.js
Writing controllers/chart_controller-66434e4e.js
Writing controllers/index-ee64e1f1.js
Writing controllers/budget_toggle_controller-e4f28f39.js
Writing controllers/timer_mode_controller-d515e47f.js
Writing controllers/tag_selector_controller-c44d49e5.js
Writing controllers/rate_history_controller-96e203a8.js
Writing controllers/datepicker_controller-b563b07b.js
Writing controllers/keyboard_shortcuts_controller-25656f53.js
Writing controllers/currency_input_controller-252cc970.js
Writing controllers/theme_controller-457e8c85.js
Writing controllers/timesheet_controller-68cfa31a.js
Writing controllers/jira_tasks_controller-1628f101.js
Writing controllers/task_chat_controller-3df65b5a.js
Writing controllers/jira_project_select_controller-e310c7f6.js
Writing controllers/day_timer_controller-440d18ce.js
Writing controllers/application-3affb389.js
Writing controllers/combobox_controller-352f8b0e.js
Writing controllers/team_expand_controller-c42f8e2e.js
Writing controllers/jira_task_search_controller-e0236843.js
Writing controllers/auto_save_controller-36601562.js
Writing stimulus.min-4b1e420e.js
Writing stimulus-d59b3b7f.js
Writing stimulus.min-2395e199.js.map
Writing stimulus-importmap-autoloader-64cc03e1.js
Writing stimulus-autoloader-9d447422.js
Writing stimulus-loading-1fc53fe7.js
Writing turbo.min-5eb167c2.js.map
Writing turbo-736fb387.js
Writing turbo.min-9fd88cd5.js
Writing actiontext.esm-c376325e.js
Writing actiontext-c9c6c481.js
Writing trix-be60fa75.js
Writing trix-65afdb1d.css
Writing action_cable-5212cfee.js
Writing actioncable.esm-e0ec9819.js
Writing actioncable-ac25813f.js
Writing activestorage.esm-81bb34bc.js
Writing activestorage-f9e46063.js
Writing rails-ujs.esm-e925103b.js
Writing rails-ujs-20eaf715.js
[dotenv] Loaded [33m.env.production[0m
[dotenv] Loaded [33m.env[0m
Writing tailwind-1c614f05.css
Writing application-8b441ae0.css
Writing application-bfcdf840.js
Writing controllers/timer_controller-a3bf509f.js
Writing controllers/inline_edit_controller-53a976ee.js
Writing controllers/flash_controller-1d3d45d2.js
Writing controllers/remember_project_controller-91cd7551.js
Writing controllers/jira_task_modal_controller-40075a4a.js
Writing controllers/task_loader_controller-8920cb6d.js
Writing controllers/date_presets_controller-e10e257b.js
Writing controllers/dropdown_controller-1c2975a7.js
Writing controllers/manual_entry_controller-b1031e77.js
Writing controllers/bulk_select_controller-13c28301.js
Writing controllers/filter_controller-0e4d5d04.js
Writing controllers/chart_controller-66434e4e.js
Writing controllers/index-ee64e1f1.js
Writing controllers/budget_toggle_controller-e4f28f39.js
Writing controllers/timer_mode_controller-d515e47f.js
Writing controllers/tag_selector_controller-c44d49e5.js
Writing controllers/rate_history_controller-96e203a8.js
Writing controllers/datepicker_controller-b563b07b.js
Writing controllers/keyboard_shortcuts_controller-25656f53.js
Writing controllers/currency_input_controller-252cc970.js
Writing controllers/theme_controller-457e8c85.js
Writing controllers/timesheet_controller-68cfa31a.js
Writing controllers/jira_tasks_controller-1628f101.js
Writing controllers/task_chat_controller-3df65b5a.js
Writing controllers/jira_project_select_controller-e310c7f6.js
Writing controllers/day_timer_controller-440d18ce.js
Writing controllers/application-3affb389.js
Writing controllers/combobox_controller-352f8b0e.js
Writing controllers/team_expand_controller-c42f8e2e.js
Writing controllers/jira_task_search_controller-e0236843.js
Writing controllers/auto_save_controller-36601562.js
Writing stimulus.min-4b1e420e.js
Writing stimulus-d59b3b7f.js
Writing stimulus.min-2395e199.js.map
Writing stimulus-importmap-autoloader-64cc03e1.js
Writing stimulus-autoloader-9d447422.js
Writing stimulus-loading-1fc53fe7.js
Writing turbo.min-5eb167c2.js.map
Writing turbo-736fb387.js
Writing turbo.min-9fd88cd5.js
Writing actiontext.esm-c376325e.js
Writing actiontext-c9c6c481.js
Writing trix-be60fa75.js
Writing trix-65afdb1d.css
Writing action_cable-5212cfee.js
Writing actioncable.esm-e0ec9819.js
Writing actioncable-ac25813f.js
Writing activestorage.esm-81bb34bc.js
Writing activestorage-f9e46063.js
Writing rails-ujs.esm-e925103b.js
Writing rails-ujs-20eaf715.js
[dotenv] Loaded [33m.env.production[0m
[dotenv] Loaded [33m.env[0m
Writing tailwind-1c614f05.css
Writing application-8b441ae0.css
Writing application-bfcdf840.js
Writing controllers/timer_controller-a3bf509f.js
Writing controllers/inline_edit_controller-53a976ee.js
Writing controllers/flash_controller-1d3d45d2.js
Writing controllers/remember_project_controller-91cd7551.js
Writing controllers/jira_task_modal_controller-40075a4a.js
Writing controllers/task_loader_controller-8920cb6d.js
Writing controllers/date_presets_controller-e10e257b.js
Writing controllers/dropdown_controller-1c2975a7.js
Writing controllers/manual_entry_controller-b1031e77.js
Writing controllers/bulk_select_controller-13c28301.js
Writing controllers/filter_controller-0e4d5d04.js
Writing controllers/chart_controller-66434e4e.js
Writing controllers/index-ee64e1f1.js
Writing controllers/budget_toggle_controller-e4f28f39.js
Writing controllers/timer_mode_controller-d515e47f.js
Writing controllers/tag_selector_controller-c44d49e5.js
Writing controllers/rate_history_controller-96e203a8.js
Writing controllers/datepicker_controller-b563b07b.js
Writing controllers/keyboard_shortcuts_controller-25656f53.js
Writing controllers/currency_input_controller-252cc970.js
Writing controllers/theme_controller-457e8c85.js
Writing controllers/timesheet_controller-68cfa31a.js
Writing controllers/jira_tasks_controller-1628f101.js
Writing controllers/task_chat_controller-3df65b5a.js
Writing controllers/jira_project_select_controller-e310c7f6.js
Writing controllers/day_timer_controller-440d18ce.js
Writing controllers/application-3affb389.js
Writing controllers/combobox_controller-352f8b0e.js
Writing controllers/team_expand_controller-c42f8e2e.js
Writing controllers/jira_task_search_controller-e0236843.js
Writing controllers/auto_save_controller-36601562.js
Writing stimulus.min-4b1e420e.js
Writing stimulus-d59b3b7f.js
Writing stimulus.min-2395e199.js.map
Writing stimulus-importmap-autoloader-64cc03e1.js
Writing stimulus-autoloader-9d447422.js
Writing stimulus-loading-1fc53fe7.js
Writing turbo.min-5eb167c2.js.map
Writing turbo-736fb387.js
Writing turbo.min-9fd88cd5.js
Writing actiontext.esm-c376325e.js
Writing actiontext-c9c6c481.js
Writing trix-be60fa75.js
Writing trix-65afdb1d.css
Writing action_cable-5212cfee.js
Writing actioncable.esm-e0ec9819.js
Writing actioncable-ac25813f.js
Writing activestorage.esm-81bb34bc.js
Writing activestorage-f9e46063.js
Writing rails-ujs.esm-e925103b.js
Writing rails-ujs-20eaf715.js
[dotenv] Loaded [33m.env.production[0m
[dotenv] Loaded [33m.env[0m
Writing tailwind-1c614f05.css
Writing application-8b441ae0.css
Writing application-bfcdf840.js
Writing controllers/timer_controller-a3bf509f.js
Writing controllers/inline_edit_controller-53a976ee.js
Writing controllers/flash_controller-1d3d45d2.js
Writing controllers/remember_project_controller-91cd7551.js
Writing controllers/jira_task_modal_controller-40075a4a.js
Writing controllers/task_loader_controller-8920cb6d.js
Writing controllers/date_presets_controller-e10e257b.js
Writing controllers/dropdown_controller-1c2975a7.js
Writing controllers/manual_entry_controller-b1031e77.js
Writing controllers/bulk_select_controller-13c28301.js
Writing controllers/filter_controller-0e4d5d04.js
Writing controllers/chart_controller-66434e4e.js
Writing controllers/index-ee64e1f1.js
Writing controllers/budget_toggle_controller-e4f28f39.js
Writing controllers/timer_mode_controller-d515e47f.js
Writing controllers/tag_selector_controller-c44d49e5.js
Writing controllers/rate_history_controller-96e203a8.js
Writing controllers/datepicker_controller-b563b07b.js
Writing controllers/keyboard_shortcuts_controller-25656f53.js
Writing controllers/currency_input_controller-252cc970.js
Writing controllers/theme_controller-457e8c85.js
Writing controllers/timesheet_controller-68cfa31a.js
Writing controllers/jira_tasks_controller-1628f101.js
Writing controllers/task_chat_controller-3df65b5a.js
Writing controllers/jira_project_select_controller-e310c7f6.js
Writing controllers/day_timer_controller-440d18ce.js
Writing controllers/application-3affb389.js
Writing controllers/combobox_controller-352f8b0e.js
Writing controllers/team_expand_controller-c42f8e2e.js
Writing controllers/jira_task_search_controller-e0236843.js
Writing controllers/auto_save_controller-36601562.js
Writing stimulus.min-4b1e420e.js
Writing stimulus-d59b3b7f.js
Writing stimulus.min-2395e199.js.map
Writing stimulus-importmap-autoloader-64cc03e1.js
Writing stimulus-autoloader-9d447422.js
Writing stimulus-loading-1fc53fe7.js
Writing turbo.min-5eb167c2.js.map
Writing turbo-736fb387.js
Writing turbo.min-9fd88cd5.js
Writing actiontext.esm-c376325e.js
Writing actiontext-c9c6c481.js
Writing trix-be60fa75.js
Writing trix-65afdb1d.css
Writing action_cable-5212cfee.js
Writing actioncable.esm-e0ec9819.js
Writing actioncable-ac25813f.js
Writing activestorage.esm-81bb34bc.js
Writing activestorage-f9e46063.js
Writing rails-ujs.esm-e925103b.js
Writing rails-ujs-20eaf715.js
[dotenv] Loaded [33m.env.production[0m
[dotenv] Loaded [33m.env[0m
Writing tailwind-13b4c3a4.css
Writing application-8b441ae0.css
Writing application-bfcdf840.js
Writing controllers/timer_controller-a3bf509f.js
Writing controllers/inline_edit_controller-53a976ee.js
Writing controllers/flash_controller-1d3d45d2.js
Writing controllers/remember_project_controller-91cd7551.js
Writing controllers/jira_task_modal_controller-40075a4a.js
Writing controllers/task_loader_controller-8920cb6d.js
Writing controllers/date_presets_controller-e10e257b.js
Writing controllers/dropdown_controller-1c2975a7.js
Writing controllers/manual_entry_controller-b1031e77.js
Writing controllers/bulk_select_controller-13c28301.js
Writing controllers/filter_controller-0e4d5d04.js
Writing controllers/chart_controller-66434e4e.js
Writing controllers/index-ee64e1f1.js
Writing controllers/budget_toggle_controller-e4f28f39.js
Writing controllers/timer_mode_controller-d515e47f.js
Writing controllers/tag_selector_controller-c44d49e5.js
Writing controllers/rate_history_controller-96e203a8.js
Writing controllers/datepicker_controller-b563b07b.js
Writing controllers/keyboard_shortcuts_controller-25656f53.js
Writing controllers/currency_input_controller-252cc970.js
Writing controllers/theme_controller-457e8c85.js
Writing controllers/timesheet_controller-68cfa31a.js
Writing controllers/jira_tasks_controller-1628f101.js
Writing controllers/task_chat_controller-3df65b5a.js
Writing controllers/jira_project_select_controller-e310c7f6.js
Writing controllers/day_timer_controller-440d18ce.js
Writing controllers/application-3affb389.js
Writing controllers/combobox_controller-352f8b0e.js
Writing controllers/team_expand_controller-c42f8e2e.js
Writing controllers/jira_task_search_controller-e0236843.js
Writing controllers/auto_save_controller-36601562.js
Writing stimulus.min-4b1e420e.js
Writing stimulus-d59b3b7f.js
Writing stimulus.min-2395e199.js.map
Writing stimulus-importmap-autoloader-64cc03e1.js
Writing stimulus-autoloader-9d447422.js
Writing stimulus-loading-1fc53fe7.js
Writing turbo.min-5eb167c2.js.map
Writing turbo-736fb387.js
Writing turbo.min-9fd88cd5.js
Writing actiontext.esm-c376325e.js
Writing actiontext-c9c6c481.js
Writing trix-be60fa75.js
Writing trix-65afdb1d.css
Writing action_cable-5212cfee.js
Writing actioncable.esm-e0ec9819.js
Writing actioncable-ac25813f.js
Writing activestorage.esm-81bb34bc.js
Writing activestorage-f9e46063.js
Writing rails-ujs.esm-e925103b.js
Writing rails-ujs-20eaf715.js
[dotenv] Loaded [33m.env.production[0m
[dotenv] Loaded [33m.env[0m
Writing tailwind-6546aa1f.css
Writing application-8b441ae0.css
Writing application-bfcdf840.js
Writing controllers/timer_controller-a3bf509f.js
Writing controllers/inline_edit_controller-53a976ee.js
Writing controllers/flash_controller-1d3d45d2.js
Writing controllers/remember_project_controller-91cd7551.js
Writing controllers/jira_task_modal_controller-40075a4a.js
Writing controllers/task_loader_controller-8920cb6d.js
Writing controllers/date_presets_controller-e10e257b.js
Writing controllers/dropdown_controller-1c2975a7.js
Writing controllers/manual_entry_controller-b1031e77.js
Writing controllers/bulk_select_controller-13c28301.js
Writing controllers/filter_controller-0e4d5d04.js
Writing controllers/chart_controller-66434e4e.js
Writing controllers/index-ee64e1f1.js
Writing controllers/budget_toggle_controller-e4f28f39.js
Writing controllers/timer_mode_controller-d515e47f.js
Writing controllers/tag_selector_controller-c44d49e5.js
Writing controllers/rate_history_controller-96e203a8.js
Writing controllers/datepicker_controller-b563b07b.js
Writing controllers/keyboard_shortcuts_controller-25656f53.js
Writing controllers/currency_input_controller-252cc970.js
Writing controllers/theme_controller-457e8c85.js
Writing controllers/timesheet_controller-68cfa31a.js
Writing controllers/jira_tasks_controller-1628f101.js
Writing controllers/task_chat_controller-3df65b5a.js
Writing controllers/jira_project_select_controller-e310c7f6.js
Writing controllers/day_timer_controller-440d18ce.js
Writing controllers/application-3affb389.js
Writing controllers/combobox_controller-352f8b0e.js
Writing controllers/team_expand_controller-c42f8e2e.js
Writing controllers/jira_task_search_controller-e0236843.js
Writing controllers/auto_save_controller-36601562.js
Writing stimulus.min-4b1e420e.js
Writing stimulus-d59b3b7f.js
Writing stimulus.min-2395e199.js.map
Writing stimulus-importmap-autoloader-64cc03e1.js
Writing stimulus-autoloader-9d447422.js
Writing stimulus-loading-1fc53fe7.js
Writing turbo.min-5eb167c2.js.map
Writing turbo-736fb387.js
Writing turbo.min-9fd88cd5.js
Writing actiontext.esm-c376325e.js
Writing actiontext-c9c6c481.js
Writing trix-be60fa75.js
Writing trix-65afdb1d.css
Writing action_cable-5212cfee.js
Writing actioncable.esm-e0ec9819.js
Writing actioncable-ac25813f.js
Writing activestorage.esm-81bb34bc.js
Writing activestorage-f9e46063.js
Writing rails-ujs.esm-e925103b.js
Writing rails-ujs-20eaf715.js
[dotenv] Loaded [33m.env.production[0m
[dotenv] Loaded [33m.env[0m
Writing tailwind-60af50f9.css
Writing application-8b441ae0.css
Writing application-bfcdf840.js
Writing controllers/timer_controller-a3bf509f.js
Writing controllers/inline_edit_controller-53a976ee.js
Writing controllers/flash_controller-1d3d45d2.js
Writing controllers/remember_project_controller-91cd7551.js
Writing controllers/jira_task_modal_controller-40075a4a.js
Writing controllers/task_loader_controller-8920cb6d.js
Writing controllers/business_days_controller-7c400ecf.js
Writing controllers/date_presets_controller-e10e257b.js
Writing controllers/dropdown_controller-1c2975a7.js
Writing controllers/manual_entry_controller-b1031e77.js
Writing controllers/bulk_select_controller-13c28301.js
Writing controllers/filter_controller-0e4d5d04.js
Writing controllers/chart_controller-66434e4e.js
Writing controllers/index-ee64e1f1.js
Writing controllers/budget_toggle_controller-e4f28f39.js
Writing controllers/timer_mode_controller-d515e47f.js
Writing controllers/tag_selector_controller-c44d49e5.js
Writing controllers/rate_history_controller-96e203a8.js
Writing controllers/datepicker_controller-b563b07b.js
Writing controllers/keyboard_shortcuts_controller-25656f53.js
Writing controllers/currency_input_controller-252cc970.js
Writing controllers/theme_controller-457e8c85.js
Writing controllers/timesheet_controller-68cfa31a.js
Writing controllers/jira_tasks_controller-1628f101.js
Writing controllers/task_chat_controller-3df65b5a.js
Writing controllers/jira_project_select_controller-e310c7f6.js
Writing controllers/day_timer_controller-440d18ce.js
Writing controllers/application-3affb389.js
Writing controllers/combobox_controller-352f8b0e.js
Writing controllers/team_expand_controller-c42f8e2e.js
Writing controllers/jira_task_search_controller-e0236843.js
Writing controllers/auto_save_controller-36601562.js
Writing stimulus.min-4b1e420e.js
Writing stimulus-d59b3b7f.js
Writing stimulus.min-2395e199.js.map
Writing stimulus-importmap-autoloader-64cc03e1.js
Writing stimulus-autoloader-9d447422.js
Writing stimulus-loading-1fc53fe7.js
Writing turbo.min-5eb167c2.js.map
Writing turbo-736fb387.js
Writing turbo.min-9fd88cd5.js
Writing actiontext.esm-c376325e.js
Writing actiontext-c9c6c481.js
Writing trix-be60fa75.js
Writing trix-65afdb1d.css
Writing action_cable-5212cfee.js
Writing actioncable.esm-e0ec9819.js
Writing actioncable-ac25813f.js
Writing activestorage.esm-81bb34bc.js
Writing activestorage-f9e46063.js
Writing rails-ujs.esm-e925103b.js
Writing rails-ujs-20eaf715.js
[dotenv] Loaded [33m.env.production[0m
[dotenv] Loaded [33m.env[0m
Writing tailwind-6546aa1f.css
Writing application-8b441ae0.css
Writing application-bfcdf840.js
Writing controllers/timer_controller-a3bf509f.js
Writing controllers/inline_edit_controller-53a976ee.js
Writing controllers/flash_controller-1d3d45d2.js
Writing controllers/remember_project_controller-91cd7551.js
Writing controllers/jira_task_modal_controller-40075a4a.js
Writing controllers/task_loader_controller-8920cb6d.js
Writing controllers/business_days_controller-7c400ecf.js
Writing controllers/date_presets_controller-e10e257b.js
Writing controllers/dropdown_controller-1c2975a7.js
Writing controllers/manual_entry_controller-b1031e77.js
Writing controllers/bulk_select_controller-13c28301.js
Writing controllers/filter_controller-0e4d5d04.js
Writing controllers/chart_controller-66434e4e.js
Writing controllers/index-ee64e1f1.js
Writing controllers/budget_toggle_controller-e4f28f39.js
Writing controllers/timer_mode_controller-d515e47f.js
Writing controllers/tag_selector_controller-c44d49e5.js
Writing controllers/rate_history_controller-96e203a8.js
Writing controllers/datepicker_controller-b563b07b.js
Writing controllers/keyboard_shortcuts_controller-25656f53.js
Writing controllers/currency_input_controller-252cc970.js
Writing controllers/theme_controller-457e8c85.js
Writing controllers/timesheet_controller-68cfa31a.js
Writing controllers/jira_tasks_controller-1628f101.js
Writing controllers/task_chat_controller-3df65b5a.js
Writing controllers/jira_project_select_controller-e310c7f6.js
Writing controllers/day_timer_controller-440d18ce.js
Writing controllers/application-3affb389.js
Writing controllers/combobox_controller-352f8b0e.js
Writing controllers/team_expand_controller-c42f8e2e.js
Writing controllers/jira_task_search_controller-e0236843.js
Writing controllers/auto_save_controller-36601562.js
Writing stimulus.min-4b1e420e.js
Writing stimulus-d59b3b7f.js
Writing stimulus.min-2395e199.js.map
Writing stimulus-importmap-autoloader-64cc03e1.js
Writing stimulus-autoloader-9d447422.js
Writing stimulus-loading-1fc53fe7.js
Writing turbo.min-5eb167c2.js.map
Writing turbo-736fb387.js
Writing turbo.min-9fd88cd5.js
Writing actiontext.esm-c376325e.js
Writing actiontext-c9c6c481.js
Writing trix-be60fa75.js
Writing trix-65afdb1d.css
Writing action_cable-5212cfee.js
Writing actioncable.esm-e0ec9819.js
Writing actioncable-ac25813f.js
Writing activestorage.esm-81bb34bc.js
Writing activestorage-f9e46063.js
Writing rails-ujs.esm-e925103b.js
Writing rails-ujs-20eaf715.js
[dotenv] Loaded [33m.env.production[0m
[dotenv] Loaded [33m.env[0m
Writing tailwind-6546aa1f.css
Writing application-8b441ae0.css
Writing application-bfcdf840.js
Writing controllers/timer_controller-a3bf509f.js
Writing controllers/inline_edit_controller-53a976ee.js
Writing controllers/flash_controller-1d3d45d2.js
Writing controllers/remember_project_controller-91cd7551.js
Writing controllers/jira_task_modal_controller-40075a4a.js
Writing controllers/task_loader_controller-8920cb6d.js
Writing controllers/business_days_controller-7c400ecf.js
Writing controllers/date_presets_controller-e10e257b.js
Writing controllers/dropdown_controller-1c2975a7.js
Writing controllers/manual_entry_controller-b1031e77.js
Writing controllers/bulk_select_controller-13c28301.js
Writing controllers/filter_controller-0e4d5d04.js
Writing controllers/chart_controller-66434e4e.js
Writing controllers/index-ee64e1f1.js
Writing controllers/budget_toggle_controller-e4f28f39.js
Writing controllers/timer_mode_controller-d515e47f.js
Writing controllers/tag_selector_controller-c44d49e5.js
Writing controllers/rate_history_controller-96e203a8.js
Writing controllers/datepicker_controller-b563b07b.js
Writing controllers/keyboard_shortcuts_controller-25656f53.js
Writing controllers/currency_input_controller-252cc970.js
Writing controllers/theme_controller-457e8c85.js
Writing controllers/timesheet_controller-68cfa31a.js
Writing controllers/jira_tasks_controller-1628f101.js
Writing controllers/task_chat_controller-3df65b5a.js
Writing controllers/jira_project_select_controller-e310c7f6.js
Writing controllers/day_timer_controller-440d18ce.js
Writing controllers/application-3affb389.js
Writing controllers/combobox_controller-352f8b0e.js
Writing controllers/team_expand_controller-c42f8e2e.js
Writing controllers/jira_task_search_controller-e0236843.js
Writing controllers/auto_save_controller-36601562.js
Writing stimulus.min-4b1e420e.js
Writing stimulus-d59b3b7f.js
Writing stimulus.min-2395e199.js.map
Writing stimulus-importmap-autoloader-64cc03e1.js
Writing stimulus-autoloader-9d447422.js
Writing stimulus-loading-1fc53fe7.js
Writing turbo.min-5eb167c2.js.map
Writing turbo-736fb387.js
Writing turbo.min-9fd88cd5.js
Writing actiontext.esm-c376325e.js
Writing actiontext-c9c6c481.js
Writing trix-be60fa75.js
Writing trix-65afdb1d.css
Writing action_cable-5212cfee.js
Writing actioncable.esm-e0ec9819.js
Writing actioncable-ac25813f.js
Writing activestorage.esm-81bb34bc.js
Writing activestorage-f9e46063.js
Writing rails-ujs.esm-e925103b.js
Writing rails-ujs-20eaf715.js
[dotenv] Loaded [33m.env.production[0m
[dotenv] Loaded [33m.env[0m
Writing tailwind-6546aa1f.css
Writing application-8b441ae0.css
Writing application-bfcdf840.js
Writing controllers/timer_controller-a3bf509f.js
Writing controllers/inline_edit_controller-53a976ee.js
Writing controllers/flash_controller-1d3d45d2.js
Writing controllers/remember_project_controller-91cd7551.js
Writing controllers/jira_task_modal_controller-40075a4a.js
Writing controllers/task_loader_controller-8920cb6d.js
Writing controllers/business_days_controller-7c400ecf.js
Writing controllers/date_presets_controller-e10e257b.js
Writing controllers/dropdown_controller-1c2975a7.js
Writing controllers/manual_entry_controller-b1031e77.js
Writing controllers/bulk_select_controller-13c28301.js
Writing controllers/filter_controller-0e4d5d04.js
Writing controllers/chart_controller-66434e4e.js
Writing controllers/index-ee64e1f1.js
Writing controllers/budget_toggle_controller-e4f28f39.js
Writing controllers/timer_mode_controller-d515e47f.js
Writing controllers/tag_selector_controller-c44d49e5.js
Writing controllers/rate_history_controller-96e203a8.js
Writing controllers/datepicker_controller-b563b07b.js
Writing controllers/keyboard_shortcuts_controller-25656f53.js
Writing controllers/currency_input_controller-252cc970.js
Writing controllers/theme_controller-457e8c85.js
Writing controllers/timesheet_controller-68cfa31a.js
Writing controllers/jira_tasks_controller-1628f101.js
Writing controllers/task_chat_controller-3df65b5a.js
Writing controllers/jira_project_select_controller-e310c7f6.js
Writing controllers/day_timer_controller-440d18ce.js
Writing controllers/application-3affb389.js
Writing controllers/combobox_controller-352f8b0e.js
Writing controllers/team_expand_controller-c42f8e2e.js
Writing controllers/jira_task_search_controller-e0236843.js
Writing controllers/auto_save_controller-36601562.js
Writing stimulus.min-4b1e420e.js
Writing stimulus-d59b3b7f.js
Writing stimulus.min-2395e199.js.map
Writing stimulus-importmap-autoloader-64cc03e1.js
Writing stimulus-autoloader-9d447422.js
Writing stimulus-loading-1fc53fe7.js
Writing turbo.min-5eb167c2.js.map
Writing turbo-736fb387.js
Writing turbo.min-9fd88cd5.js
Writing actiontext.esm-c376325e.js
Writing actiontext-c9c6c481.js
Writing trix-be60fa75.js
Writing trix-65afdb1d.css
Writing action_cable-5212cfee.js
Writing actioncable.esm-e0ec9819.js
Writing actioncable-ac25813f.js
Writing activestorage.esm-81bb34bc.js
Writing activestorage-f9e46063.js
Writing rails-ujs.esm-e925103b.js
Writing rails-ujs-20eaf715.js
[dotenv] Loaded [33m.env.production[0m
[dotenv] Loaded [33m.env[0m
Writing tailwind-00746cd6.css
Writing application-8b441ae0.css
Writing application-bfcdf840.js
Writing controllers/timer_controller-a3bf509f.js
Writing controllers/inline_edit_controller-53a976ee.js
Writing controllers/flash_controller-1d3d45d2.js
Writing controllers/remember_project_controller-91cd7551.js
Writing controllers/jira_task_modal_controller-40075a4a.js
Writing controllers/task_loader_controller-8920cb6d.js
Writing controllers/business_days_controller-7c400ecf.js
Writing controllers/date_presets_controller-e10e257b.js
Writing controllers/dropdown_controller-1c2975a7.js
Writing controllers/manual_entry_controller-b1031e77.js
Writing controllers/bulk_select_controller-13c28301.js
Writing controllers/filter_controller-0e4d5d04.js
Writing controllers/chart_controller-66434e4e.js
Writing controllers/index-ee64e1f1.js
Writing controllers/budget_toggle_controller-e4f28f39.js
Writing controllers/timer_mode_controller-d515e47f.js
Writing controllers/tag_selector_controller-c44d49e5.js
Writing controllers/rate_history_controller-96e203a8.js
Writing controllers/datepicker_controller-b563b07b.js
Writing controllers/keyboard_shortcuts_controller-25656f53.js
Writing controllers/currency_input_controller-252cc970.js
Writing controllers/theme_controller-457e8c85.js
Writing controllers/timesheet_controller-68cfa31a.js
Writing controllers/jira_tasks_controller-1628f101.js
Writing controllers/task_chat_controller-3df65b5a.js
Writing controllers/jira_project_select_controller-e310c7f6.js
Writing controllers/day_timer_controller-440d18ce.js
Writing controllers/application-3affb389.js
Writing controllers/combobox_controller-352f8b0e.js
Writing controllers/team_expand_controller-c42f8e2e.js
Writing controllers/jira_task_search_controller-e0236843.js
Writing controllers/auto_save_controller-36601562.js
Writing stimulus.min-4b1e420e.js
Writing stimulus-d59b3b7f.js
Writing stimulus.min-2395e199.js.map
Writing stimulus-importmap-autoloader-64cc03e1.js
Writing stimulus-autoloader-9d447422.js
Writing stimulus-loading-1fc53fe7.js
Writing turbo.min-5eb167c2.js.map
Writing turbo-736fb387.js
Writing turbo.min-9fd88cd5.js
Writing actiontext.esm-c376325e.js
Writing actiontext-c9c6c481.js
Writing trix-be60fa75.js
Writing trix-65afdb1d.css
Writing action_cable-5212cfee.js
Writing actioncable.esm-e0ec9819.js
Writing actioncable-ac25813f.js
Writing activestorage.esm-81bb34bc.js
Writing activestorage-f9e46063.js
Writing rails-ujs.esm-e925103b.js
Writing rails-ujs-20eaf715.js
[dotenv] Loaded [33m.env.production[0m
[dotenv] Loaded [33m.env[0m
Writing tailwind-00746cd6.css
Writing application-8b441ae0.css
Writing application-bfcdf840.js
Writing controllers/timer_controller-a3bf509f.js
Writing controllers/inline_edit_controller-53a976ee.js
Writing controllers/flash_controller-1d3d45d2.js
Writing controllers/remember_project_controller-91cd7551.js
Writing controllers/jira_task_modal_controller-40075a4a.js
Writing controllers/task_loader_controller-8920cb6d.js
Writing controllers/business_days_controller-7c400ecf.js
Writing controllers/date_presets_controller-e10e257b.js
Writing controllers/dropdown_controller-1c2975a7.js
Writing controllers/manual_entry_controller-b1031e77.js
Writing controllers/bulk_select_controller-13c28301.js
Writing controllers/filter_controller-0e4d5d04.js
Writing controllers/chart_controller-66434e4e.js
Writing controllers/index-ee64e1f1.js
Writing controllers/budget_toggle_controller-e4f28f39.js
Writing controllers/timer_mode_controller-d515e47f.js
Writing controllers/tag_selector_controller-c44d49e5.js
Writing controllers/rate_history_controller-96e203a8.js
Writing controllers/datepicker_controller-b563b07b.js
Writing controllers/keyboard_shortcuts_controller-25656f53.js
Writing controllers/currency_input_controller-252cc970.js
Writing controllers/theme_controller-457e8c85.js
Writing controllers/timesheet_controller-68cfa31a.js
Writing controllers/jira_tasks_controller-1628f101.js
Writing controllers/task_chat_controller-3df65b5a.js
Writing controllers/jira_project_select_controller-e310c7f6.js
Writing controllers/day_timer_controller-440d18ce.js
Writing controllers/application-3affb389.js
Writing controllers/combobox_controller-352f8b0e.js
Writing controllers/team_expand_controller-c42f8e2e.js
Writing controllers/jira_task_search_controller-e0236843.js
Writing controllers/auto_save_controller-36601562.js
Writing stimulus.min-4b1e420e.js
Writing stimulus-d59b3b7f.js
Writing stimulus.min-2395e199.js.map
Writing stimulus-importmap-autoloader-64cc03e1.js
Writing stimulus-autoloader-9d447422.js
Writing stimulus-loading-1fc53fe7.js
Writing turbo.min-5eb167c2.js.map
Writing turbo-736fb387.js
Writing turbo.min-9fd88cd5.js
Writing actiontext.esm-c376325e.js
Writing actiontext-c9c6c481.js
Writing trix-be60fa75.js
Writing trix-65afdb1d.css
Writing action_cable-5212cfee.js
Writing actioncable.esm-e0ec9819.js
Writing actioncable-ac25813f.js
Writing activestorage.esm-81bb34bc.js
Writing activestorage-f9e46063.js
Writing rails-ujs.esm-e925103b.js
Writing rails-ujs-20eaf715.js
[dotenv] Loaded [33m.env.production[0m
[dotenv] Loaded [33m.env[0m
Writing tailwind-8b50f2d8.css
Writing application-8b441ae0.css
Writing application-bfcdf840.js
Writing controllers/timer_controller-a3bf509f.js
Writing controllers/inline_edit_controller-53a976ee.js
Writing controllers/flash_controller-1d3d45d2.js
Writing controllers/remember_project_controller-91cd7551.js
Writing controllers/jira_task_modal_controller-40075a4a.js
Writing controllers/task_loader_controller-8920cb6d.js
Writing controllers/business_days_controller-7c400ecf.js
Writing controllers/date_presets_controller-e10e257b.js
Writing controllers/dropdown_controller-1c2975a7.js
Writing controllers/manual_entry_controller-b1031e77.js
Writing controllers/bulk_select_controller-13c28301.js
Writing controllers/filter_controller-0e4d5d04.js
Writing controllers/chart_controller-66434e4e.js
Writing controllers/index-ee64e1f1.js
Writing controllers/budget_toggle_controller-e4f28f39.js
Writing controllers/timesheet_expand_controller-817ade1c.js
Writing controllers/timer_mode_controller-d515e47f.js
Writing controllers/tag_selector_controller-c44d49e5.js
Writing controllers/rate_history_controller-96e203a8.js
Writing controllers/datepicker_controller-b563b07b.js
Writing controllers/keyboard_shortcuts_controller-25656f53.js
Writing controllers/currency_input_controller-252cc970.js
Writing controllers/theme_controller-457e8c85.js
Writing controllers/timesheet_controller-68cfa31a.js
Writing controllers/jira_tasks_controller-1628f101.js
Writing controllers/task_chat_controller-3df65b5a.js
Writing controllers/jira_project_select_controller-e310c7f6.js
Writing controllers/day_timer_controller-440d18ce.js
Writing controllers/application-3affb389.js
Writing controllers/combobox_controller-352f8b0e.js
Writing controllers/team_expand_controller-c42f8e2e.js
Writing controllers/jira_task_search_controller-e0236843.js
Writing controllers/auto_save_controller-36601562.js
Writing stimulus.min-4b1e420e.js
Writing stimulus-d59b3b7f.js
Writing stimulus.min-2395e199.js.map
Writing stimulus-importmap-autoloader-64cc03e1.js
Writing stimulus-autoloader-9d447422.js
Writing stimulus-loading-1fc53fe7.js
Writing turbo.min-5eb167c2.js.map
Writing turbo-736fb387.js
Writing turbo.min-9fd88cd5.js
Writing actiontext.esm-c376325e.js
Writing actiontext-c9c6c481.js
Writing trix-be60fa75.js
Writing trix-65afdb1d.css
Writing action_cable-5212cfee.js
Writing actioncable.esm-e0ec9819.js
Writing actioncable-ac25813f.js
Writing activestorage.esm-81bb34bc.js
Writing activestorage-f9e46063.js
Writing rails-ujs.esm-e925103b.js
Writing rails-ujs-20eaf715.js
[dotenv] Loaded [33m.env.production[0m
[dotenv] Loaded [33m.env[0m
Writing tailwind-19acb627.css
Writing application-8b441ae0.css
Writing application-bfcdf840.js
Writing controllers/timer_controller-a3bf509f.js
Writing controllers/inline_edit_controller-53a976ee.js
Writing controllers/flash_controller-1d3d45d2.js
Writing controllers/remember_project_controller-91cd7551.js
Writing controllers/jira_task_modal_controller-40075a4a.js
Writing controllers/task_loader_controller-8920cb6d.js
Writing controllers/business_days_controller-7c400ecf.js
Writing controllers/date_presets_controller-e10e257b.js
Writing controllers/dropdown_controller-1c2975a7.js
Writing controllers/manual_entry_controller-b1031e77.js
Writing controllers/bulk_select_controller-13c28301.js
Writing controllers/filter_controller-0e4d5d04.js
Writing controllers/chart_controller-66434e4e.js
Writing controllers/index-ee64e1f1.js
Writing controllers/budget_toggle_controller-e4f28f39.js
Writing controllers/timesheet_expand_controller-817ade1c.js
Writing controllers/timer_mode_controller-d515e47f.js
Writing controllers/tag_selector_controller-c44d49e5.js
Writing controllers/rate_history_controller-96e203a8.js
Writing controllers/datepicker_controller-b563b07b.js
Writing controllers/keyboard_shortcuts_controller-25656f53.js
Writing controllers/currency_input_controller-252cc970.js
Writing controllers/theme_controller-457e8c85.js
Writing controllers/timesheet_controller-68cfa31a.js
Writing controllers/jira_tasks_controller-1628f101.js
Writing controllers/task_chat_controller-3df65b5a.js
Writing controllers/jira_project_select_controller-e310c7f6.js
Writing controllers/day_timer_controller-440d18ce.js
Writing controllers/application-3affb389.js
Writing controllers/combobox_controller-352f8b0e.js
Writing controllers/team_expand_controller-c42f8e2e.js
Writing controllers/jira_task_search_controller-e0236843.js
Writing controllers/auto_save_controller-36601562.js
Writing stimulus.min-4b1e420e.js
Writing stimulus-d59b3b7f.js
Writing stimulus.min-2395e199.js.map
Writing stimulus-importmap-autoloader-64cc03e1.js
Writing stimulus-autoloader-9d447422.js
Writing stimulus-loading-1fc53fe7.js
Writing turbo.min-5eb167c2.js.map
Writing turbo-736fb387.js
Writing turbo.min-9fd88cd5.js
Writing actiontext.esm-c376325e.js
Writing actiontext-c9c6c481.js
Writing trix-be60fa75.js
Writing trix-65afdb1d.css
Writing action_cable-5212cfee.js
Writing actioncable.esm-e0ec9819.js
Writing actioncable-ac25813f.js
Writing activestorage.esm-81bb34bc.js
Writing activestorage-f9e46063.js
Writing rails-ujs.esm-e925103b.js
Writing rails-ujs-20eaf715.js
[dotenv] Loaded [33m.env.production[0m
[dotenv] Loaded [33m.env[0m
Writing tailwind-fc1fdf75.css
Writing application-8b441ae0.css
Writing application-bfcdf840.js
Writing controllers/timer_controller-a3bf509f.js
Writing controllers/inline_edit_controller-53a976ee.js
Writing controllers/flash_controller-1d3d45d2.js
Writing controllers/remember_project_controller-91cd7551.js
Writing controllers/jira_task_modal_controller-40075a4a.js
Writing controllers/task_loader_controller-8920cb6d.js
Writing controllers/business_days_controller-7c400ecf.js
Writing controllers/date_presets_controller-e10e257b.js
Writing controllers/dropdown_controller-1c2975a7.js
Writing controllers/manual_entry_controller-b1031e77.js
Writing controllers/bulk_select_controller-13c28301.js
Writing controllers/filter_controller-0e4d5d04.js
Writing controllers/chart_controller-66434e4e.js
Writing controllers/index-ee64e1f1.js
Writing controllers/budget_toggle_controller-e4f28f39.js
Writing controllers/timesheet_expand_controller-817ade1c.js
Writing controllers/timer_mode_controller-d515e47f.js
Writing controllers/tag_selector_controller-c44d49e5.js
Writing controllers/rate_history_controller-96e203a8.js
Writing controllers/datepicker_controller-b563b07b.js
Writing controllers/keyboard_shortcuts_controller-25656f53.js
Writing controllers/currency_input_controller-252cc970.js
Writing controllers/theme_controller-457e8c85.js
Writing controllers/timesheet_controller-68cfa31a.js
Writing controllers/jira_tasks_controller-1628f101.js
Writing controllers/task_chat_controller-3df65b5a.js
Writing controllers/jira_project_select_controller-e310c7f6.js
Writing controllers/day_timer_controller-440d18ce.js
Writing controllers/application-3affb389.js
Writing controllers/combobox_controller-352f8b0e.js
Writing controllers/team_expand_controller-c42f8e2e.js
Writing controllers/jira_task_search_controller-e0236843.js
Writing controllers/auto_save_controller-36601562.js
Writing stimulus.min-4b1e420e.js
Writing stimulus-d59b3b7f.js
Writing stimulus.min-2395e199.js.map
Writing stimulus-importmap-autoloader-64cc03e1.js
Writing stimulus-autoloader-9d447422.js
Writing stimulus-loading-1fc53fe7.js
Writing turbo.min-5eb167c2.js.map
Writing turbo-736fb387.js
Writing turbo.min-9fd88cd5.js
Writing actiontext.esm-c376325e.js
Writing actiontext-c9c6c481.js
Writing trix-be60fa75.js
Writing trix-65afdb1d.css
Writing action_cable-5212cfee.js
Writing actioncable.esm-e0ec9819.js
Writing actioncable-ac25813f.js
Writing activestorage.esm-81bb34bc.js
Writing activestorage-f9e46063.js
Writing rails-ujs.esm-e925103b.js
Writing rails-ujs-20eaf715.js
[dotenv] Loaded [33m.env.production[0m
[dotenv] Loaded [33m.env[0m
Writing tailwind-0578fb6e.css
Writing application-8b441ae0.css
Writing application-bfcdf840.js
Writing controllers/timer_controller-a3bf509f.js
Writing controllers/inline_edit_controller-53a976ee.js
Writing controllers/flash_controller-1d3d45d2.js
Writing controllers/remember_project_controller-91cd7551.js
Writing controllers/jira_task_modal_controller-40075a4a.js
Writing controllers/task_loader_controller-8920cb6d.js
Writing controllers/business_days_controller-7c400ecf.js
Writing controllers/date_presets_controller-e10e257b.js
Writing controllers/dropdown_controller-1c2975a7.js
Writing controllers/manual_entry_controller-b1031e77.js
Writing controllers/bulk_select_controller-13c28301.js
Writing controllers/filter_controller-0e4d5d04.js
Writing controllers/chart_controller-66434e4e.js
Writing controllers/index-ee64e1f1.js
Writing controllers/budget_toggle_controller-e4f28f39.js
Writing controllers/timesheet_expand_controller-817ade1c.js
Writing controllers/timer_mode_controller-d515e47f.js
Writing controllers/tag_selector_controller-c44d49e5.js
Writing controllers/rate_history_controller-96e203a8.js
Writing controllers/datepicker_controller-b563b07b.js
Writing controllers/keyboard_shortcuts_controller-25656f53.js
Writing controllers/currency_input_controller-252cc970.js
Writing controllers/theme_controller-457e8c85.js
Writing controllers/timesheet_controller-68cfa31a.js
Writing controllers/jira_tasks_controller-1628f101.js
Writing controllers/task_chat_controller-3df65b5a.js
Writing controllers/jira_project_select_controller-e310c7f6.js
Writing controllers/day_timer_controller-440d18ce.js
Writing controllers/application-3affb389.js
Writing controllers/combobox_controller-352f8b0e.js
Writing controllers/team_expand_controller-c42f8e2e.js
Writing controllers/jira_task_search_controller-e0236843.js
Writing controllers/auto_save_controller-36601562.js
Writing stimulus.min-4b1e420e.js
Writing stimulus-d59b3b7f.js
Writing stimulus.min-2395e199.js.map
Writing stimulus-importmap-autoloader-64cc03e1.js
Writing stimulus-autoloader-9d447422.js
Writing stimulus-loading-1fc53fe7.js
Writing turbo.min-5eb167c2.js.map
Writing turbo-736fb387.js
Writing turbo.min-9fd88cd5.js
Writing actiontext.esm-c376325e.js
Writing actiontext-c9c6c481.js
Writing trix-be60fa75.js
Writing trix-65afdb1d.css
Writing action_cable-5212cfee.js
Writing actioncable.esm-e0ec9819.js
Writing actioncable-ac25813f.js
Writing activestorage.esm-81bb34bc.js
Writing activestorage-f9e46063.js
Writing rails-ujs.esm-e925103b.js
Writing rails-ujs-20eaf715.js
[dotenv] Loaded [33m.env.production[0m
[dotenv] Loaded [33m.env[0m
Writing tailwind-fb886ec6.css
Writing application-8b441ae0.css
Writing application-bfcdf840.js
Writing controllers/timer_controller-a3bf509f.js
Writing controllers/inline_edit_controller-53a976ee.js
Writing controllers/flash_controller-1d3d45d2.js
Writing controllers/remember_project_controller-91cd7551.js
Writing controllers/jira_task_modal_controller-40075a4a.js
Writing controllers/task_loader_controller-8920cb6d.js
Writing controllers/business_days_controller-7c400ecf.js
Writing controllers/date_presets_controller-e10e257b.js
Writing controllers/dropdown_controller-1c2975a7.js
Writing controllers/manual_entry_controller-b1031e77.js
Writing controllers/bulk_select_controller-13c28301.js
Writing controllers/filter_controller-0e4d5d04.js
Writing controllers/chart_controller-66434e4e.js
Writing controllers/index-ee64e1f1.js
Writing controllers/budget_toggle_controller-e4f28f39.js
Writing controllers/timesheet_expand_controller-817ade1c.js
Writing controllers/timer_mode_controller-d515e47f.js
Writing controllers/tag_selector_controller-c44d49e5.js
Writing controllers/rate_history_controller-96e203a8.js
Writing controllers/datepicker_controller-b563b07b.js
Writing controllers/keyboard_shortcuts_controller-25656f53.js
Writing controllers/currency_input_controller-252cc970.js
Writing controllers/theme_controller-457e8c85.js
Writing controllers/timesheet_controller-68cfa31a.js
Writing controllers/jira_tasks_controller-1628f101.js
Writing controllers/task_chat_controller-3df65b5a.js
Writing controllers/jira_project_select_controller-e310c7f6.js
Writing controllers/day_timer_controller-440d18ce.js
Writing controllers/application-3affb389.js
Writing controllers/combobox_controller-352f8b0e.js
Writing controllers/team_expand_controller-c42f8e2e.js
Writing controllers/jira_task_search_controller-e0236843.js
Writing controllers/auto_save_controller-36601562.js
Writing stimulus.min-4b1e420e.js
Writing stimulus-d59b3b7f.js
Writing stimulus.min-2395e199.js.map
Writing stimulus-importmap-autoloader-64cc03e1.js
Writing stimulus-autoloader-9d447422.js
Writing stimulus-loading-1fc53fe7.js
Writing turbo.min-5eb167c2.js.map
Writing turbo-736fb387.js
Writing turbo.min-9fd88cd5.js
Writing actiontext.esm-c376325e.js
Writing actiontext-c9c6c481.js
Writing trix-be60fa75.js
Writing trix-65afdb1d.css
Writing action_cable-5212cfee.js
Writing actioncable.esm-e0ec9819.js
Writing actioncable-ac25813f.js
Writing activestorage.esm-81bb34bc.js
Writing activestorage-f9e46063.js
Writing rails-ujs.esm-e925103b.js
Writing rails-ujs-20eaf715.js
[dotenv] Loaded [33m.env.production[0m
[dotenv] Loaded [33m.env[0m
Writing tailwind-fb886ec6.css
Writing Inter-Bold-782e8e3c.ttf
Writing Inter-Regular-1e0bebf7.ttf
Writing application-8b441ae0.css
Writing application-bfcdf840.js
Writing controllers/timer_controller-a3bf509f.js
Writing controllers/inline_edit_controller-53a976ee.js
Writing controllers/flash_controller-1d3d45d2.js
Writing controllers/remember_project_controller-91cd7551.js
Writing controllers/jira_task_modal_controller-40075a4a.js
Writing controllers/task_loader_controller-8920cb6d.js
Writing controllers/business_days_controller-7c400ecf.js
Writing controllers/date_presets_controller-e10e257b.js
Writing controllers/dropdown_controller-1c2975a7.js
Writing controllers/manual_entry_controller-b1031e77.js
Writing controllers/bulk_select_controller-13c28301.js
Writing controllers/filter_controller-0e4d5d04.js
Writing controllers/chart_controller-66434e4e.js
Writing controllers/index-ee64e1f1.js
Writing controllers/budget_toggle_controller-e4f28f39.js
Writing controllers/timesheet_expand_controller-817ade1c.js
Writing controllers/timer_mode_controller-d515e47f.js
Writing controllers/tag_selector_controller-c44d49e5.js
Writing controllers/rate_history_controller-96e203a8.js
Writing controllers/datepicker_controller-b563b07b.js
Writing controllers/keyboard_shortcuts_controller-25656f53.js
Writing controllers/currency_input_controller-252cc970.js
Writing controllers/theme_controller-457e8c85.js
Writing controllers/timesheet_controller-68cfa31a.js
Writing controllers/jira_tasks_controller-1628f101.js
Writing controllers/task_chat_controller-3df65b5a.js
Writing controllers/jira_project_select_controller-e310c7f6.js
Writing controllers/day_timer_controller-440d18ce.js
Writing controllers/application-3affb389.js
Writing controllers/combobox_controller-352f8b0e.js
Writing controllers/team_expand_controller-c42f8e2e.js
Writing controllers/jira_task_search_controller-e0236843.js
Writing controllers/auto_save_controller-36601562.js
Writing stimulus.min-4b1e420e.js
Writing stimulus-d59b3b7f.js
Writing stimulus.min-2395e199.js.map
Writing stimulus-importmap-autoloader-64cc03e1.js
Writing stimulus-autoloader-9d447422.js
Writing stimulus-loading-1fc53fe7.js
Writing turbo.min-5eb167c2.js.map
Writing turbo-736fb387.js
Writing turbo.min-9fd88cd5.js
Writing actiontext.esm-c376325e.js
Writing actiontext-c9c6c481.js
Writing trix-be60fa75.js
Writing trix-65afdb1d.css
Writing action_cable-5212cfee.js
Writing actioncable.esm-e0ec9819.js
Writing actioncable-ac25813f.js
Writing activestorage.esm-81bb34bc.js
Writing activestorage-f9e46063.js
Writing rails-ujs.esm-e925103b.js
Writing rails-ujs-20eaf715.js
[dotenv] Loaded [33m.env.production[0m
[dotenv] Loaded [33m.env[0m
Writing tailwind-fb886ec6.css
Writing Inter-Bold-782e8e3c.ttf
Writing Inter-Regular-1e0bebf7.ttf
Writing application-8b441ae0.css
Writing application-bfcdf840.js
Writing controllers/timer_controller-a3bf509f.js
Writing controllers/inline_edit_controller-53a976ee.js
Writing controllers/flash_controller-1d3d45d2.js
Writing controllers/remember_project_controller-91cd7551.js
Writing controllers/jira_task_modal_controller-40075a4a.js
Writing controllers/task_loader_controller-8920cb6d.js
Writing controllers/business_days_controller-7c400ecf.js
Writing controllers/date_presets_controller-e10e257b.js
Writing controllers/dropdown_controller-1c2975a7.js
Writing controllers/manual_entry_controller-b1031e77.js
Writing controllers/bulk_select_controller-13c28301.js
Writing controllers/filter_controller-0e4d5d04.js
Writing controllers/chart_controller-66434e4e.js
Writing controllers/index-ee64e1f1.js
Writing controllers/budget_toggle_controller-e4f28f39.js
Writing controllers/timesheet_expand_controller-817ade1c.js
Writing controllers/timer_mode_controller-d515e47f.js
Writing controllers/tag_selector_controller-c44d49e5.js
Writing controllers/rate_history_controller-96e203a8.js
Writing controllers/datepicker_controller-b563b07b.js
Writing controllers/keyboard_shortcuts_controller-25656f53.js
Writing controllers/currency_input_controller-252cc970.js
Writing controllers/theme_controller-457e8c85.js
Writing controllers/timesheet_controller-68cfa31a.js
Writing controllers/jira_tasks_controller-1628f101.js
Writing controllers/task_chat_controller-3df65b5a.js
Writing controllers/jira_project_select_controller-e310c7f6.js
Writing controllers/day_timer_controller-440d18ce.js
Writing controllers/application-3affb389.js
Writing controllers/combobox_controller-352f8b0e.js
Writing controllers/team_expand_controller-c42f8e2e.js
Writing controllers/jira_task_search_controller-e0236843.js
Writing controllers/auto_save_controller-36601562.js
Writing stimulus.min-4b1e420e.js
Writing stimulus-d59b3b7f.js
Writing stimulus.min-2395e199.js.map
Writing stimulus-importmap-autoloader-64cc03e1.js
Writing stimulus-autoloader-9d447422.js
Writing stimulus-loading-1fc53fe7.js
Writing turbo.min-5eb167c2.js.map
Writing turbo-736fb387.js
Writing turbo.min-9fd88cd5.js
Writing actiontext.esm-c376325e.js
Writing actiontext-c9c6c481.js
Writing trix-be60fa75.js
Writing trix-65afdb1d.css
Writing action_cable-5212cfee.js
Writing actioncable.esm-e0ec9819.js
Writing actioncable-ac25813f.js
Writing activestorage.esm-81bb34bc.js
Writing activestorage-f9e46063.js
Writing rails-ujs.esm-e925103b.js
Writing rails-ujs-20eaf715.js
